git init intialzes the git and gives the config 
git stash or git reset or git reset --hard = commit the values on the pre existing
git status = green - new file and success
red - deleted some file
git commit -m "for checking purpose" - to check it is committed or not

Login
git config --global user.email "hemasaiduppalapudi017@gmail.com"
>git config --global user.name "Hema Sai Duppalapudi"



C:\Git training session>git commit -m "for checking purpose"
On branch master
nothing to commit, working tree clean

C:\Git training session>git status
On branch master
nothing to commit, working tree clean

C:\Git training session>gitk

C:\Git training session>git branch -M main

C:\Git training session>git remote add origin https://github.com/HEMASAI1708/Demo.git

C:\Git training session>git push -u origin main

Whenerver the push or commit is rejected then
First make the 
1.) git pull
2.) git add .
3.) git commit -m "fifth commit trail"
4.) git push origin main


C:\Git training session>git branch test

C:\Git training session>git branch
* main
  test

C:\Git training session>git push
Everything up-to-date

C:\Git training session>git checkout test
Switched to branch 'test'

C:\Git training session>git push -u origin test
Enumerating objects: 15, done.
Counting objects: 100% (15/15), done.
Delta compression using up to 12 threads
Compressing objects: 100% (6/6), done.
Writing objects: 100% (15/15), 3.55 KiB | 173.00 KiB/s, done.
Total 15 (delta 0), reused 0 (delta 0), pack-reused 0
remote:
remote: Create a pull request for 'test' on GitHub by visiting:
remote:      https://github.com/HEMASAI1708/Demo/pull/new/test
remote:
To https://github.com/HEMASAI1708/Demo.git
 * [new branch]      test -> test
branch 'test' set up to track 'origin/test'.

C:\Git training session>


